axi/defines.svh
mesh_4x4/inc/noc_XY.svh 
mesh_4x4/inc/noc.svh 
mesh_4x4/inc/queue.svh 
mesh_4x4/inc/router.svh 
axi/axi2axis_typedef.svh
cores/src/sr_cpu.vh 
tb/tb.sv 
tb/tb_axi.sv 
tb/tb_arbiter.sv 
tb/tb_axi_memory.sv 
tb/tb_ram/tb_axi_ram.sv 
tb/tb_demux/tb_demux.sv 
tb/tb_mux/tb_mux.sv 
tb/router/tb_queue/tb_queue.sv
tb/router/tb_router/tb_router.sv
tb/router/tb_mesh/tb_mesh.sv
tb/tb_bridgeless/tb_bridgeless.sv
tb/tb_bridge/tb_bridge.sv
boards/toplevel.sv 
cores/src/cpu_with_ram.sv 
cores/src/sm_register.v 
cores/src/sm_rom.v 
cores/src/ram.sv 
cores/src/sr_cpu.sv 
cpu/noc_with_cores.sv 
cpu/uart.sv 
mesh_4x4/noc/noc.sv
axi/router/src/algorithm.sv
axi/router/src/arbiter.sv
axi/router/src/queue.sv
axi/router/src/router.sv
axi/XY_mesh/XY_mesh.sv
axi/axi_demux.sv
axi/axi_if.sv
axi/axi_mux.sv
axi/axi_ram.sv
axi/axi2axis_XY.sv
axi/axi2ram.sv
axi/axis_if_demux.sv
axi/axis_if_mux.sv
axi/axis_if.sv
axi/ram_if.sv
axi/ram.sv
axi/stream_arbiter.sv
axi/stream_fifo.sv