axi/defines.svh
axi/axi2axis_typedef.svh
cores/src/sr_cpu.vh 
tb/tb.sv 
tb/tb_axi.sv 
tb/tb_arbiter.sv 
tb/tb_axi_memory.sv 
tb/tb_ram/tb_axi_ram.sv 
tb/tb_demux/tb_demux.sv 
tb/tb_mux/tb_mux.sv 
tb/tb_cpu/tb_cpu.sv
tb/tb_cpu/tb_cpu_tb.sv
tb/tb_cpu/tb_mesh_cpu.sv
tb/tb_cpu/tb_mesh_cpu_wrap.sv
tb/router/tb_queue/tb_queue.sv
tb/router/tb_router/tb_router.sv
tb/router/tb_mesh/tb_mesh.sv
tb/tb_bridgeless/tb_bridgeless.sv
tb/tb_bridge/tb_bridge.sv
tb/mesh_throughput/throughput_wrapper.sv
cores/src/sm_register.v 
cores/src/sm_rom.v 
cores/src/sr_cpu.sv
cores/src/sr_cpu_axi.sv
cores/src/sr_axi_adapter.sv
axi/cross_router_logic/algorithm_selector_XY.sv
axi/router/src/algorithm.sv
axi/router/src/algorithm_dual.sv
axi/router/src/arbiter.sv
axi/router/src/queue.sv
axi/router/src/router.sv
axi/router/src/router_dual.sv
axi/XY_mesh/XY_mesh.sv
axi/XY_mesh/XY_mesh_dual.sv
axi/XY_mesh/XY_mesh_dual_cpu.sv
axi/axi_demux.sv
axi/axi_if.sv
axi/axi_mux.sv
axi/axi_ram.sv
axi/axi2axis_XY.sv
axi/axi2ram.sv
axi/axis_if_demux.sv
axi/axis_if_mux.sv
axi/axis_if.sv
axi/ram_if.sv
axi/ram.sv
axi/stream_arbiter.sv
axi/stream_fifo.sv
axi/axi_pmu.sv